******************************************************************************
                  MSP430 Linker PC v20.2.5                     
******************************************************************************
>> Linked Wed Dec 15 12:09:15 2021

OUTPUT FILE NAME:   <Motor_mover_C.out>
ENTRY POINT SYMBOL: "_c_int00_noinit_noargs"  address: 000002a6


MEMORY CONFIGURATION

         name            origin    length      used     unused   attr    fill
----------------------  --------  ---------  --------  --------  ----  --------
  MEM                   00000200   0000fdfd  00000144  0000fcb9  RWIX
  RESET                 0000fffe   0000ffff  00000002  0000fffd  RWIX


SECTION ALLOCATION MAP

 output                                  attributes/
section   page    origin      length       input sections
--------  ----  ----------  ----------   ----------------
.text      0    00000200    000000c4     
                  00000200    000000a6     main.obj (.text:main)
                  000002a6    00000014     rts430_eabi.lib : boot.c.obj (.text:_c_int00_noinit_noargs)
                  000002ba    00000006                     : exit.c.obj (.text:abort)
                  000002c0    00000004                     : pre_init.c.obj (.text:_system_pre_init)

.reset     0    0000fffe    00000002     
                  0000fffe    00000002     rts430_eabi.lib : boot.c.obj (.reset)

.init_array 
*          0    00000200    00000000     UNINITIALIZED

.stack     0    000002c4    00000080     UNINITIALIZED
                  000002c4    00000002     rts430_eabi.lib : boot.c.obj (.stack)
                  000002c6    0000007e     --HOLE--

MODULE SUMMARY

       Module           code   ro data   rw data
       ------           ----   -------   -------
    .\
       main.obj         166    0         0      
    +--+----------------+------+---------+---------+
       Total:           166    0         0      
                                                
    C:\ti\ccs1040\ccs\tools\compiler\ti-cgt-msp430_20.2.5.LTS\lib\rts430_eabi.lib
       boot.c.obj       20     2         0      
       exit.c.obj       6      0         0      
       pre_init.c.obj   4      0         0      
    +--+----------------+------+---------+---------+
       Total:           30     2         0      
                                                
       Stack:           0      0         128    
    +--+----------------+------+---------+---------+
       Grand Total:     196    2         128    


GLOBAL SYMBOLS: SORTED ALPHABETICALLY BY Name 

address   name                  
-------   ----                  
000002ba  C$$EXIT               
UNDEFED   P1DIR                 
UNDEFED   P1IN                  
UNDEFED   P1OUT                 
UNDEFED   P1REN                 
UNDEFED   PM5CTL0               
UNDEFED   WDTCTL                
00000344  __STACK_END           
00000080  __STACK_SIZE          
ffffffff  __TI_pprof_out_hndl   
ffffffff  __TI_prof_data_size   
ffffffff  __TI_prof_data_start  
ffffffff  __c_args__            
000002a6  _c_int00_noinit_noargs
0000fffe  _reset_vector         
000002c4  _stack                
000002c0  _system_pre_init      
000002ba  abort                 
00000200  main                  


GLOBAL SYMBOLS: SORTED BY Symbol Address 

address   name                  
-------   ----                  
00000080  __STACK_SIZE          
00000200  main                  
000002a6  _c_int00_noinit_noargs
000002ba  C$$EXIT               
000002ba  abort                 
000002c0  _system_pre_init      
000002c4  _stack                
00000344  __STACK_END           
0000fffe  _reset_vector         
ffffffff  __TI_pprof_out_hndl   
ffffffff  __TI_prof_data_size   
ffffffff  __TI_prof_data_start  
ffffffff  __c_args__            
UNDEFED   P1DIR                 
UNDEFED   P1IN                  
UNDEFED   P1OUT                 
UNDEFED   P1REN                 
UNDEFED   PM5CTL0               
UNDEFED   WDTCTL                

[19 symbols]
